C51 COMPILER V9.60.7.0   DELAY                                                             01/27/2023 12:05:00 PAGE 1   


C51 COMPILER V9.60.7.0, COMPILATION OF MODULE DELAY
OBJECT MODULE PLACED IN .\Objects\delay.obj
COMPILER INVOKED BY: D:\keil5\C51\BIN\C51.EXE Software\delay.c OPTIMIZE(8,SPEED) BROWSE INCDIR(.\User;.\Software) DEBUG 
                    -OBJECTEXTEND PRINT(.\Listings\delay.lst) OBJECT(.\Objects\delay.obj)

line level    source

   1          
   2          void Delay10us(unsigned int t)          //@11.0592MHz
   3          {
   4   1              unsigned char i;
   5   1              while(t)
   6   1              {
   7   2                      i = 2;
   8   2                      while (--i);
   9   2                      t--;
  10   2              }
  11   1              
  12   1      }


MODULE INFORMATION:   STATIC OVERLAYABLE
   CODE SIZE        =     16    ----
   CONSTANT SIZE    =   ----    ----
   XDATA SIZE       =   ----    ----
   PDATA SIZE       =   ----    ----
   DATA SIZE        =   ----    ----
   IDATA SIZE       =   ----    ----
   BIT SIZE         =   ----    ----
END OF MODULE INFORMATION.


C51 COMPILATION COMPLETE.  0 WARNING(S),  0 ERROR(S)
